Installed Packages
ModemManager.x86_64                         1.18.8-2.fc37                  @anaconda    
ModemManager-glib.x86_64                    1.18.8-2.fc37                  @anaconda    
NetworkManager.x86_64                       1:1.40.6-1.fc37                @updates     
NetworkManager-bluetooth.x86_64             1:1.40.6-1.fc37                @updates     
NetworkManager-libnm.x86_64                 1:1.40.6-1.fc37                @updates     
NetworkManager-team.x86_64                  1:1.40.6-1.fc37                @updates     
NetworkManager-wifi.x86_64                  1:1.40.6-1.fc37                @updates     
NetworkManager-wwan.x86_64                  1:1.40.6-1.fc37                @updates     
PackageKit.x86_64                           1.2.5-2.fc37                   @anaconda    
PackageKit-glib.x86_64                      1.2.5-2.fc37                   @anaconda    
abrt.x86_64                                 2.15.1-6.fc37                  @anaconda    
abrt-addon-ccpp.x86_64                      2.15.1-6.fc37                  @anaconda    
abrt-addon-kerneloops.x86_64                2.15.1-6.fc37                  @anaconda    
abrt-addon-pstoreoops.x86_64                2.15.1-6.fc37                  @anaconda    
abrt-addon-vmcore.x86_64                    2.15.1-6.fc37                  @anaconda    
abrt-addon-xorg.x86_64                      2.15.1-6.fc37                  @anaconda    
abrt-cli.x86_64                             2.15.1-6.fc37                  @anaconda    
abrt-dbus.x86_64                            2.15.1-6.fc37                  @anaconda    
abrt-libs.x86_64                            2.15.1-6.fc37                  @anaconda    
abrt-plugin-bodhi.x86_64                    2.15.1-6.fc37                  @anaconda    
abrt-retrace-client.x86_64                  2.15.1-6.fc37                  @anaconda    
abrt-tui.noarch                             2.15.1-6.fc37                  @anaconda    
acl.x86_64                                  2.3.1-4.fc37                   @anaconda    
adcli.x86_64                                0.9.1-11.fc37                  @anaconda    
adobe-mappings-cmap.noarch                  20190730-4.fc37                @fedora      
adobe-mappings-cmap-deprecated.noarch       20190730-4.fc37                @fedora      
adobe-mappings-pdf.noarch                   20190401-2.fc37                @fedora      
alsa-sof-firmware.noarch                    2.2.4-2.fc37                   @updates     
alternatives.x86_64                         1.21-1.fc37                    @updates     
amd-gpu-firmware.noarch                     20221214-145.fc37              @updates     
annobin-docs.noarch                         10.92-1.fc37                   @updates     
annobin-plugin-gcc.x86_64                   10.92-1.fc37                   @updates     
ansible-srpm-macros.noarch                  1-8.1.fc37                     @updates     
apr.x86_64                                  1.7.0-18.fc37                  @fedora      
apr-util.x86_64                             1.6.1-22.fc37                  @fedora      
apr-util-bdb.x86_64                         1.6.1-22.fc37                  @fedora      
apr-util-openssl.x86_64                     1.6.1-22.fc37                  @fedora      
at.x86_64                                   3.2.5-4.fc37                   @anaconda    
atmel-firmware.noarch                       1.3-27.fc37                    @anaconda    
attr.x86_64                                 2.5.1-5.fc37                   @anaconda    
audit.x86_64                                3.0.9-1.fc37                   @anaconda    
audit-libs.x86_64                           3.0.9-1.fc37                   @anaconda    
augeas-libs.x86_64                          1.13.0-3.fc37                  @anaconda    
authselect.x86_64                           1.4.2-1.fc37                   @updates     
authselect-libs.x86_64                      1.4.2-1.fc37                   @updates     
avahi-libs.x86_64                           0.8-18.fc37                    @updates     
b43-fwcutter.x86_64                         019-22.fc37                    @anaconda    
b43-openfwwf.noarch                         5.2-29.fc37                    @anaconda    
basesystem.noarch                           11-14.fc37                     @anaconda    
bash.x86_64                                 5.2.15-1.fc37                  @updates     
bash-completion.noarch                      1:2.11-8.fc37                  @anaconda    
bc.x86_64                                   1.07.1-16.fc37                 @anaconda    
bind-libs.x86_64                            32:9.18.8-1.fc37               @updates     
bind-license.noarch                         32:9.18.8-1.fc37               @updates     
bind-utils.x86_64                           32:9.18.8-1.fc37               @updates     
binutils.x86_64                             2.38-25.fc37                   @updates     
binutils-gold.x86_64                        2.38-25.fc37                   @updates     
bison.x86_64                                3.8.2-3.fc37                   @fedora      
bluez.x86_64                                5.66-4.fc37                    @updates     
bluez-libs.x86_64                           5.66-4.fc37                    @updates     
boost-atomic.x86_64                         1.78.0-9.fc37                  @fedora      
boost-filesystem.x86_64                     1.78.0-9.fc37                  @fedora      
boost-regex.x86_64                          1.78.0-9.fc37                  @anaconda    
boost-system.x86_64                         1.78.0-9.fc37                  @fedora      
boost-thread.x86_64                         1.78.0-9.fc37                  @fedora      
btop.x86_64                                 1.2.13-1.fc37                  @updates     
btrfs-progs.x86_64                          6.1.2-1.fc37                   @updates     
bzip2.x86_64                                1.0.8-12.fc37                  @anaconda    
bzip2-libs.x86_64                           1.0.8-12.fc37                  @anaconda    
c-ares.x86_64                               1.17.2-3.fc37                  @anaconda    
ca-certificates.noarch                      2022.2.54-5.fc37               @anaconda    
cairo.x86_64                                1.17.6-2.fc37                  @fedora      
cairo-gobject.x86_64                        1.17.6-2.fc37                  @fedora      
checkpolicy.x86_64                          3.4-3.fc37                     @anaconda    
chrony.x86_64                               4.3-1.fc37                     @anaconda    
cifs-utils.x86_64                           6.15-2.fc37                    @anaconda    
clang-libs.x86_64                           15.0.6-3.fc37                  @updates     
clang-resource-filesystem.x86_64            15.0.6-3.fc37                  @updates     
cockpit.x86_64                              282-1.fc37                     @updates     
cockpit-bridge.x86_64                       282-1.fc37                     @updates     
cockpit-networkmanager.noarch               282-1.fc37                     @updates     
cockpit-packagekit.noarch                   282-1.fc37                     @updates     
cockpit-selinux.noarch                      282-1.fc37                     @updates     
cockpit-storaged.noarch                     282-1.fc37                     @updates     
cockpit-system.noarch                       282-1.fc37                     @updates     
cockpit-ws.x86_64                           282-1.fc37                     @updates     
compiler-rt.x86_64                          15.0.6-1.fc37                  @updates     
compsize.x86_64                             1.5-4.fc37                     @anaconda    
coreutils.x86_64                            9.1-7.fc37                     @updates     
coreutils-common.x86_64                     9.1-7.fc37                     @updates     
cpio.x86_64                                 2.13-13.fc37                   @anaconda    
cpp.x86_64                                  12.2.1-4.fc37                  @updates     
cracklib.x86_64                             2.9.7-30.fc37                  @anaconda    
cracklib-dicts.x86_64                       2.9.7-30.fc37                  @anaconda    
cronie.x86_64                               1.6.1-3.fc37                   @anaconda    
cronie-anacron.x86_64                       1.6.1-3.fc37                   @anaconda    
crontabs.noarch                             1.11-28.20190603git.fc37       @anaconda    
crypto-policies.noarch                      20220815-1.gite4ed860.fc37     @anaconda    
crypto-policies-scripts.noarch              20220815-1.gite4ed860.fc37     @anaconda    
cryptsetup.x86_64                           2.5.0-1.fc37                   @anaconda    
cryptsetup-libs.x86_64                      2.5.0-1.fc37                   @anaconda    
ctags.x86_64                                5.9-8.20220724.0.fc37          @anaconda    
cups-libs.x86_64                            1:2.4.2-5.fc37                 @updates     
curl.x86_64                                 7.85.0-5.fc37                  @updates     
cyrus-sasl-gssapi.x86_64                    2.1.28-8.fc37                  @anaconda    
cyrus-sasl-lib.x86_64                       2.1.28-8.fc37                  @anaconda    
cyrus-sasl-plain.x86_64                     2.1.28-8.fc37                  @anaconda    
dbus.x86_64                                 1:1.14.4-1.fc37                @updates     
dbus-broker.x86_64                          32-1.fc37                      @anaconda    
dbus-common.noarch                          1:1.14.4-1.fc37                @updates     
dbus-libs.x86_64                            1:1.14.4-1.fc37                @updates     
dbus-tools.x86_64                           1:1.14.4-1.fc37                @updates     
default-editor.noarch                       6.4-1.fc37                     @anaconda    
deltarpm.x86_64                             3.6.3-4.fc37                   @anaconda    
desktop-file-utils.x86_64                   0.26-7.fc37                    @anaconda    
device-mapper.x86_64                        1.02.175-9.fc37                @anaconda    
device-mapper-event.x86_64                  1.02.175-9.fc37                @anaconda    
device-mapper-event-libs.x86_64             1.02.175-9.fc37                @anaconda    
device-mapper-libs.x86_64                   1.02.175-9.fc37                @anaconda    
device-mapper-multipath.x86_64              0.9.0-4.fc37                   @updates     
device-mapper-multipath-libs.x86_64         0.9.0-4.fc37                   @updates     
device-mapper-persistent-data.x86_64        0.9.0-8.fc37                   @anaconda    
dhcp-client.x86_64                          12:4.4.3-4.P1.fc37             @anaconda    
dhcp-common.noarch                          12:4.4.3-4.P1.fc37             @anaconda    
diffstat.x86_64                             1.64-7.fc37                    @fedora      
diffutils.x86_64                            3.8-3.fc37                     @anaconda    
dkms.noarch                                 3.0.9-2.fc37                   @updates     
dmidecode.x86_64                            1:3.4-2.fc37                   @anaconda    
dnf.noarch                                  4.14.0-1.fc37                  @anaconda    
dnf-data.noarch                             4.14.0-1.fc37                  @anaconda    
dnf-plugins-core.noarch                     4.3.1-1.fc37                   @anaconda    
dnsmasq.x86_64                              2.88-1.fc37                    @updates     
dos2unix.x86_64                             7.4.3-2.fc37                   @anaconda    
dosfstools.x86_64                           4.2-4.fc37                     @anaconda    
doxygen.x86_64                              2:1.9.5-2.fc37                 @fedora      
dracut.x86_64                               057-5.fc37                     @updates     
dracut-config-rescue.x86_64                 057-5.fc37                     @updates     
dracut-network.x86_64                       057-5.fc37                     @updates     
dracut-squash.x86_64                        057-5.fc37                     @updates     
dwz.x86_64                                  0.14-7.fc37                    @fedora      
dyninst.x86_64                              12.1.0-4.fc37                  @fedora      
e2fsprogs.x86_64                            1.46.5-3.fc37                  @anaconda    
e2fsprogs-libs.x86_64                       1.46.5-3.fc37                  @anaconda    
ed.x86_64                                   1.18-2.fc37                    @anaconda    
efi-filesystem.noarch                       5-6.fc37                       @anaconda    
efi-srpm-macros.noarch                      5-6.fc37                       @fedora      
efibootmgr.x86_64                           18-2.fc37                      @anaconda    
efivar-libs.x86_64                          38-5.fc37                      @anaconda    
elfutils.x86_64                             0.188-3.fc37                   @updates     
elfutils-debuginfod-client.x86_64           0.188-3.fc37                   @updates     
elfutils-debuginfod-client-devel.x86_64     0.188-3.fc37                   @updates     
elfutils-default-yama-scope.noarch          0.188-3.fc37                   @updates     
elfutils-devel.x86_64                       0.188-3.fc37                   @updates     
elfutils-libelf.x86_64                      0.188-3.fc37                   @updates     
elfutils-libelf-devel.x86_64                0.188-3.fc37                   @updates     
elfutils-libs.x86_64                        0.188-3.fc37                   @updates     
emacs-filesystem.noarch                     1:28.2-1.fc37                  @updates     
ethtool.x86_64                              2:6.1-1.fc37                   @updates     
exfatprogs.x86_64                           1.2.0-1.fc37                   @updates     
expat.x86_64                                2.5.0-1.fc37                   @updates     
fedora-gpg-keys.noarch                      37-1                           @anaconda    
fedora-logos.noarch                         36.0.0-3.fc37                  @anaconda    
fedora-release-common.noarch                37-15                          @updates     
fedora-release-identity-server.noarch       37-15                          @updates     
fedora-release-server.noarch                37-15                          @updates     
fedora-repos.noarch                         37-1                           @anaconda    
fedora-repos-modular.noarch                 37-1                           @anaconda    
file.x86_64                                 5.42-4.fc37                    @anaconda    
file-devel.x86_64                           5.42-4.fc37                    @anaconda    
file-libs.x86_64                            5.42-4.fc37                    @anaconda    
filesystem.x86_64                           3.18-2.fc37                    @anaconda    
findutils.x86_64                            1:4.9.0-2.fc37                 @anaconda    
firewalld.noarch                            1.2.3-1.fc37                   @updates     
firewalld-filesystem.noarch                 1.2.3-1.fc37                   @updates     
flex.x86_64                                 2.6.4-11.fc37                  @fedora      
fontconfig.x86_64                           2.14.1-2.fc37                  @updates     
fonts-filesystem.noarch                     1:2.0.5-9.fc37                 @anaconda    
fonts-srpm-macros.noarch                    1:2.0.5-9.fc37                 @fedora      
fpaste.noarch                               0.4.3.0-1.fc37                 @updates     
fpc-srpm-macros.noarch                      1.3-6.fc37                     @fedora      
fprintd.x86_64                              1.94.2-3.fc37                  @anaconda    
fprintd-pam.x86_64                          1.94.2-3.fc37                  @anaconda    
freetype.x86_64                             2.12.1-3.fc37                  @fedora      
fribidi.x86_64                              1.0.12-2.fc37                  @fedora      
fstrm.x86_64                                0.6.1-5.fc37                   @anaconda    
fuse-libs.x86_64                            2.9.9-15.fc37                  @anaconda    
fwupd.x86_64                                1.8.9-1.fc37                   @updates     
gawk.x86_64                                 5.1.1-4.fc37                   @anaconda    
gc.x86_64                                   8.0.6-4.fc37                   @anaconda    
gcc.x86_64                                  12.2.1-4.fc37                  @updates     
gcc-c++.x86_64                              12.2.1-4.fc37                  @updates     
gcc-plugin-annobin.x86_64                   12.2.1-4.fc37                  @updates     
gd.x86_64                                   2.3.3-9.fc37                   @updates     
gdb-headless.x86_64                         12.1-6.fc37                    @updates     
gdbm-libs.x86_64                            1:1.23-2.fc37                  @anaconda    
gdisk.x86_64                                1.0.9-4.fc37                   @anaconda    
gdk-pixbuf2.x86_64                          2.42.10-1.fc37                 @anaconda    
gettext.x86_64                              0.21.1-1.fc37                  @updates     
gettext-envsubst.x86_64                     0.21.1-1.fc37                  @updates     
gettext-libs.x86_64                         0.21.1-1.fc37                  @updates     
gettext-runtime.x86_64                      0.21.1-1.fc37                  @updates     
ghc-srpm-macros.noarch                      1.5.0-7.fc37                   @fedora      
git.x86_64                                  2.39.0-1.fc37                  @updates     
git-core.x86_64                             2.39.0-1.fc37                  @updates     
git-core-doc.noarch                         2.39.0-1.fc37                  @updates     
glib-networking.x86_64                      2.74.0-1.fc37                  @anaconda    
glib2.x86_64                                2.74.1-2.fc37                  @anaconda    
glibc.x86_64                                2.36-8.fc37                    @updates     
glibc-common.x86_64                         2.36-8.fc37                    @updates     
glibc-devel.x86_64                          2.36-8.fc37                    @updates     
glibc-gconv-extra.x86_64                    2.36-8.fc37                    @updates     
glibc-headers-x86.noarch                    2.36-8.fc37                    @updates     
glibc-langpack-en.x86_64                    2.36-8.fc37                    @updates     
gmp.x86_64                                  1:6.2.1-3.fc37                 @anaconda    
gnat-srpm-macros.noarch                     4-16.fc37                      @fedora      
gnupg2.x86_64                               2.3.8-1.fc37                   @updates     
gnutls.x86_64                               3.7.8-3.fc37                   @updates     
go-srpm-macros.noarch                       3.2.0-1.fc37                   @fedora      
gobject-introspection.x86_64                1.74.0-1.fc37                  @anaconda    
google-droid-sans-fonts.noarch              20200215-13.fc37               @fedora      
google-noto-fonts-common.noarch             20201206^1.git0c78c8329-7.fc37 @updates     
google-noto-sans-vf-fonts.noarch            20201206^1.git0c78c8329-7.fc37 @updates     
gpgme.x86_64                                1.17.0-4.fc37                  @anaconda    
gpm-libs.x86_64                             1.20.7-41.fc37                 @anaconda    
graphite2.x86_64                            1.3.14-10.fc37                 @fedora      
graphviz.x86_64                             5.0.0-4.fc37                   @fedora      
grep.x86_64                                 3.7-4.fc37                     @anaconda    
groff-base.x86_64                           1.22.4-10.fc37                 @anaconda    
grub2-common.noarch                         1:2.06-72.fc37                 @updates     
grub2-efi-x64.x86_64                        1:2.06-72.fc37                 @updates     
grub2-tools.x86_64                          1:2.06-72.fc37                 @updates     
grub2-tools-minimal.x86_64                  1:2.06-72.fc37                 @updates     
grubby.x86_64                               8.40-66.fc37                   @anaconda    
gsettings-desktop-schemas.x86_64            43.0-1.fc37                    @anaconda    
gssproxy.x86_64                             0.9.1-4.fc37                   @anaconda    
gts.x86_64                                  0.7.6-42.20121130.fc37         @fedora      
guile22.x86_64                              2.2.7-6.fc37                   @anaconda    
gzip.x86_64                                 1.12-2.fc37                    @anaconda    
harfbuzz.x86_64                             5.2.0-1.fc37                   @fedora      
hfsplus-tools.x86_64                        540.1.linux3-27.fc37           @fedora      
hicolor-icon-theme.noarch                   0.17-14.fc37                   @fedora      
highway.x86_64                              1.0.2-1.fc37                   @updates     
hostname.x86_64                             3.23-7.fc37                    @anaconda    
hunspell.x86_64                             1.7.0-21.fc37                  @anaconda    
hunspell-en.noarch                          0.20140811.1-23.fc37           @anaconda    
hunspell-en-GB.noarch                       0.20140811.1-23.fc37           @anaconda    
hunspell-en-US.noarch                       0.20140811.1-23.fc37           @anaconda    
hunspell-filesystem.x86_64                  1.7.0-21.fc37                  @anaconda    
hwdata.noarch                               0.366-1.fc37                   @updates     
ima-evm-utils.x86_64                        1.4-6.fc37                     @anaconda    
inih.x86_64                                 56-2.fc37                      @anaconda    
initscripts-service.noarch                  10.17-1.fc37                   @anaconda    
intel-gpu-firmware.noarch                   20221214-145.fc37              @updates     
ipcalc.x86_64                               1.0.2-1.fc37                   @updates     
iproute.x86_64                              5.18.0-2.fc37                  @anaconda    
ipset.x86_64                                7.15-5.fc37                    @anaconda    
ipset-libs.x86_64                           7.15-5.fc37                    @anaconda    
iptables-libs.x86_64                        1.8.8-3.fc37                   @anaconda    
iptables-nft.x86_64                         1.8.8-3.fc37                   @anaconda    
iptstate.x86_64                             2.2.7-1.fc37                   @anaconda    
iputils.x86_64                              20221126-1.fc37                @updates     
irqbalance.x86_64                           2:1.9.1-1.fc37                 @updates     
iscsi-initiator-utils.x86_64                6.2.1.4-6.git2a8f9d8.fc37      @anaconda    
iscsi-initiator-utils-iscsiuio.x86_64       6.2.1.4-6.git2a8f9d8.fc37      @anaconda    
isns-utils-libs.x86_64                      0.101-5.fc37                   @anaconda    
isomd5sum.x86_64                            1:1.2.3-17.fc37                @fedora      
isomd5sum-devel.x86_64                      1:1.2.3-17.fc37                @fedora      
iw.x86_64                                   5.9-5.fc37                     @anaconda    
iwl100-firmware.noarch                      39.31.5.1-145.fc37             @updates     
iwl1000-firmware.noarch                     1:39.31.5.1-145.fc37           @updates     
iwl105-firmware.noarch                      18.168.6.1-145.fc37            @updates     
iwl135-firmware.noarch                      18.168.6.1-145.fc37            @updates     
iwl2000-firmware.noarch                     18.168.6.1-145.fc37            @updates     
iwl2030-firmware.noarch                     18.168.6.1-145.fc37            @updates     
iwl3160-firmware.noarch                     1:25.30.13.0-145.fc37          @updates     
iwl3945-firmware.noarch                     15.32.2.9-145.fc37             @updates     
iwl4965-firmware.noarch                     228.61.2.24-145.fc37           @updates     
iwl5000-firmware.noarch                     8.83.5.1_1-145.fc37            @updates     
iwl5150-firmware.noarch                     8.24.2.2-145.fc37              @updates     
iwl6000-firmware.noarch                     9.221.4.1-145.fc37             @updates     
iwl6000g2a-firmware.noarch                  18.168.6.1-145.fc37            @updates     
iwl6000g2b-firmware.noarch                  18.168.6.1-145.fc37            @updates     
iwl6050-firmware.noarch                     41.28.5.1-145.fc37             @updates     
iwl7260-firmware.noarch                     1:25.30.13.0-145.fc37          @updates     
iwlax2xx-firmware.noarch                    20221214-145.fc37              @updates     
jansson.x86_64                              2.13.1-5.fc37                  @anaconda    
jbig2dec-libs.x86_64                        0.19-7.fc37                    @fedora      
jbigkit-libs.x86_64                         2.1-24.fc37                    @fedora      
jemalloc.x86_64                             5.3.0-2.fc37                   @anaconda    
json-c.x86_64                               0.16-3.fc37                    @updates     
json-glib.x86_64                            1.6.6-3.fc37                   @anaconda    
jxl-pixbuf-loader.x86_64                    1:0.7.0-5.fc37                 @updates     
kbd.x86_64                                  2.5.1-3.fc37                   @anaconda    
kbd-legacy.noarch                           2.5.1-3.fc37                   @anaconda    
kbd-misc.noarch                             2.5.1-3.fc37                   @anaconda    
kde-filesystem.x86_64                       4-68.fc37                      @fedora      
kernel.x86_64                               6.0.7-301.fc37                 @anaconda    
kernel.x86_64                               6.0.18-300.fc37                @updates     
kernel-core.x86_64                          6.0.7-301.fc37                 @anaconda    
kernel-core.x86_64                          6.0.18-300.fc37                @updates     
kernel-devel.x86_64                         6.0.18-300.fc37                @updates     
kernel-devel-matched.x86_64                 6.0.18-300.fc37                @updates     
kernel-headers.x86_64                       6.0.5-300.fc37                 @fedora      
kernel-modules.x86_64                       6.0.7-301.fc37                 @anaconda    
kernel-modules.x86_64                       6.0.18-300.fc37                @updates     
kernel-srpm-macros.noarch                   1.0-15.fc37                    @fedora      
kexec-tools.x86_64                          2.0.25-1.fc37                  @anaconda    
keyutils.x86_64                             1.6.1-5.fc37                   @anaconda    
keyutils-libs.x86_64                        1.6.1-5.fc37                   @anaconda    
kf5-filesystem.x86_64                       5.101.0-1.fc37                 @updates     
kmod.x86_64                                 30-2.fc37                      @anaconda    
kmod-libs.x86_64                            30-2.fc37                      @anaconda    
kpartx.x86_64                               0.9.0-4.fc37                   @updates     
krb5-libs.x86_64                            1.19.2-13.fc37                 @updates     
langpacks-core-en.noarch                    3.0-26.fc37                    @anaconda    
langpacks-core-font-en.noarch               3.0-26.fc37                    @anaconda    
langpacks-en.noarch                         3.0-26.fc37                    @anaconda    
lasi.x86_64                                 1.1.3-9.fc37                   @fedora      
lcms2.x86_64                                2.14-1.fc37                    @updates     
less.x86_64                                 590-5.fc37                     @anaconda    
libX11.x86_64                               1.8.1-2.fc37                   @fedora      
libX11-common.noarch                        1.8.1-2.fc37                   @fedora      
libXau.x86_64                               1.0.10-1.fc37                  @fedora      
libXext.x86_64                              1.3.4-9.fc37                   @fedora      
libXft.x86_64                               2.3.4-3.fc37                   @fedora      
libXpm.x86_64                               3.5.13-8.fc37                  @fedora      
libXrender.x86_64                           0.9.10-17.fc37                 @fedora      
libacl.x86_64                               2.3.1-4.fc37                   @anaconda    
libaio.x86_64                               0.3.111-14.fc37                @anaconda    
libaom.x86_64                               3.5.0-2.fc37                   @updates     
libappstream-glib.x86_64                    0.8.1-1.fc37                   @anaconda    
libarchive.x86_64                           3.6.1-3.fc37                   @updates     
libargon2.x86_64                            20190702-1.fc37                @anaconda    
libassuan.x86_64                            2.5.5-5.fc37                   @anaconda    
libatasmart.x86_64                          0.19-23.fc37                   @anaconda    
libatomic.x86_64                            12.2.1-4.fc37                  @updates     
libattr.x86_64                              2.5.1-5.fc37                   @anaconda    
libavif.x86_64                              0.11.1-4.fc37                  @updates     
libb2.x86_64                                0.98.1-7.fc37                  @anaconda    
libbabeltrace.x86_64                        1.5.8-12.fc37                  @anaconda    
libbasicobjects.x86_64                      0.1.1-52.fc37                  @anaconda    
libblkid.x86_64                             2.38.1-1.fc37                  @anaconda    
libblockdev.x86_64                          2.28-2.fc37                    @anaconda    
libblockdev-crypto.x86_64                   2.28-2.fc37                    @anaconda    
libblockdev-fs.x86_64                       2.28-2.fc37                    @anaconda    
libblockdev-loop.x86_64                     2.28-2.fc37                    @anaconda    
libblockdev-lvm.x86_64                      2.28-2.fc37                    @anaconda    
libblockdev-mdraid.x86_64                   2.28-2.fc37                    @anaconda    
libblockdev-part.x86_64                     2.28-2.fc37                    @anaconda    
libblockdev-swap.x86_64                     2.28-2.fc37                    @anaconda    
libblockdev-utils.x86_64                    2.28-2.fc37                    @anaconda    
libbpf.x86_64                               2:0.8.0-2.fc37                 @anaconda    
libbrotli.x86_64                            1.0.9-9.fc37                   @anaconda    
libburn.x86_64                              1.5.4-5.fc37                   @fedora      
libbytesize.x86_64                          2.7-3.fc37                     @anaconda    
libcap.x86_64                               2.48-5.fc37                    @anaconda    
libcap-ng.x86_64                            0.8.3-3.fc37                   @anaconda    
libcbor.x86_64                              0.7.0-7.fc37                   @anaconda    
libcollection.x86_64                        0.7.0-52.fc37                  @anaconda    
libcom_err.x86_64                           1.46.5-3.fc37                  @anaconda    
libcomps.x86_64                             0.1.18-4.fc37                  @anaconda    
libcurl.x86_64                              7.85.0-5.fc37                  @updates     
libcurl-devel.x86_64                        7.85.0-5.fc37                  @updates     
libdaemon.x86_64                            0.14-24.fc37                   @anaconda    
libdatrie.x86_64                            0.2.13-4.fc37                  @fedora      
libdav1d.x86_64                             1.0.0-2.fc37                   @fedora      
libdb.x86_64                                5.3.28-53.fc37                 @anaconda    
libdhash.x86_64                             0.5.0-52.fc37                  @anaconda    
libdnf.x86_64                               0.68.0-1.fc37                  @anaconda    
libeconf.x86_64                             0.4.0-4.fc37                   @anaconda    
libedit.x86_64                              3.1-43.20221009cvs.fc37        @updates     
libertas-usb8388-firmware.noarch            2:20221214-145.fc37            @updates     
libestr.x86_64                              0.1.11-4.fc37                  @anaconda    
libev.x86_64                                4.33-6.fc37                    @anaconda    
libevent.x86_64                             2.1.12-7.fc37                  @anaconda    
libfastjson.x86_64                          0.99.9-4.fc37                  @anaconda    
libfdisk.x86_64                             2.38.1-1.fc37                  @anaconda    
libffi.x86_64                               3.4.2-9.fc37                   @anaconda    
libfido2.x86_64                             1.11.0-3.fc37                  @anaconda    
libfontenc.x86_64                           1.1.4-4.fc37                   @fedora      
libfprint.x86_64                            1.94.4-2.fc37                  @anaconda    
libfsverity.x86_64                          1.4-8.fc37                     @anaconda    
libgcab1.x86_64                             1.5-1.fc37                     @anaconda    
libgcc.x86_64                               12.2.1-4.fc37                  @updates     
libgcrypt.x86_64                            1.10.1-4.fc37                  @anaconda    
libgomp.x86_64                              12.2.1-4.fc37                  @updates     
libgpg-error.x86_64                         1.46-1.fc37                    @updates     
libgs.x86_64                                9.56.1-5.fc37                  @updates     
libgudev.x86_64                             237-3.fc37                     @anaconda    
libgusb.x86_64                              0.4.3-1.fc37                   @updates     
libibverbs.x86_64                           41.0-1.fc37                    @anaconda    
libicu.x86_64                               71.1-2.fc37                    @anaconda    
libidn2.x86_64                              2.3.4-1.fc37                   @updates     
libijs.x86_64                               0.35-16.fc37                   @fedora      
libimagequant.x86_64                        2.17.0-3.fc37                  @fedora      
libini_config.x86_64                        1.3.1-52.fc37                  @anaconda    
libipa_hbac.x86_64                          2.8.2-1.fc37                   @updates     
libipt.x86_64                               2.0.5-2.fc37                   @anaconda    
libisoburn.x86_64                           1.5.4-5.fc37                   @fedora      
libisofs.x86_64                             1.5.4-4.fc37                   @fedora      
libisofs-devel.x86_64                       1.5.4-4.fc37                   @fedora      
libjcat.x86_64                              0.1.12-1.fc37                  @anaconda    
libjpeg-turbo.x86_64                        2.1.3-2.fc37                   @anaconda    
libjxl.x86_64                               1:0.7.0-5.fc37                 @updates     
libkcapi.x86_64                             1.4.0-2.fc37                   @anaconda    
libkcapi-hmaccalc.x86_64                    1.4.0-2.fc37                   @anaconda    
libksba.x86_64                              1.6.3-1.fc37                   @updates     
libldb.x86_64                               2.6.1-1.fc37                   @anaconda    
libmaxminddb.x86_64                         1.7.1-1.fc37                   @anaconda    
libmbim.x86_64                              1.26.4-2.fc37                  @anaconda    
libmbim-utils.x86_64                        1.26.4-2.fc37                  @anaconda    
libmetalink.x86_64                          0.1.3-28.fc37                  @anaconda    
libmnl.x86_64                               1.0.5-1.fc37                   @anaconda    
libmodulemd.x86_64                          2.14.0-4.fc37                  @anaconda    
libmount.x86_64                             2.38.1-1.fc37                  @anaconda    
libmpc.x86_64                               1.2.1-5.fc37                   @fedora      
libndp.x86_64                               1.8-4.fc37                     @anaconda    
libnetfilter_conntrack.x86_64               1.0.8-5.fc37                   @anaconda    
libnfnetlink.x86_64                         1.0.1-22.fc37                  @anaconda    
libnfsidmap.x86_64                          1:2.6.2-2.rc5.fc37             @updates     
libnftnl.x86_64                             1.2.2-2.fc37                   @anaconda    
libnghttp2.x86_64                           1.51.0-1.fc37                  @updates     
libnl3.x86_64                               3.7.0-2.fc37                   @anaconda    
libnl3-cli.x86_64                           3.7.0-2.fc37                   @anaconda    
libnsl2.x86_64                              2.0.0-4.fc37                   @anaconda    
libnvpair3.x86_64                           2.1.7-1.fc37                   @zfs         
libomp.x86_64                               15.0.6-1.fc37                  @updates     
libomp-devel.x86_64                         15.0.6-1.fc37                  @updates     
libpaper.x86_64                             1.1.28-5.fc37                  @fedora      
libpasswdqc.x86_64                          2.0.2-4.fc37                   @anaconda    
libpath_utils.x86_64                        0.2.1-52.fc37                  @anaconda    
libpcap.x86_64                              14:1.10.2-1.fc37               @updates     
libpipeline.x86_64                          1.5.6-2.fc37                   @anaconda    
libpkgconf.x86_64                           1.8.0-3.fc37                   @anaconda    
libpng.x86_64                               2:1.6.37-13.fc37               @anaconda    
libproxy.x86_64                             0.4.18-3.fc37                  @anaconda    
libpsl.x86_64                               0.21.1-6.fc37                  @anaconda    
libpwquality.x86_64                         1.4.5-1.fc37                   @updates     
libqmi.x86_64                               1.30.6-2.fc37                  @anaconda    
libqmi-utils.x86_64                         1.30.6-2.fc37                  @anaconda    
libqrtr-glib.x86_64                         1.0.0-4.fc37                   @anaconda    
libref_array.x86_64                         0.1.5-52.fc37                  @anaconda    
librepo.x86_64                              1.15.1-1.fc37                  @updates     
libreport.x86_64                            2.17.4-1.fc37                  @anaconda    
libreport-cli.x86_64                        2.17.4-1.fc37                  @anaconda    
libreport-fedora.x86_64                     2.17.4-1.fc37                  @anaconda    
libreport-filesystem.noarch                 2.17.4-1.fc37                  @anaconda    
libreport-plugin-bugzilla.x86_64            2.17.4-1.fc37                  @anaconda    
libreport-plugin-kerneloops.x86_64          2.17.4-1.fc37                  @anaconda    
libreport-plugin-logger.x86_64              2.17.4-1.fc37                  @anaconda    
libreport-plugin-systemd-journal.x86_64     2.17.4-1.fc37                  @anaconda    
libreport-plugin-ureport.x86_64             2.17.4-1.fc37                  @anaconda    
libreport-web.x86_64                        2.17.4-1.fc37                  @anaconda    
librsvg2.x86_64                             2.54.5-1.fc37                  @fedora      
libseccomp.x86_64                           2.5.3-3.fc37                   @anaconda    
libselinux.x86_64                           3.4-5.fc37                     @anaconda    
libselinux-utils.x86_64                     3.4-5.fc37                     @anaconda    
libsemanage.x86_64                          3.4-5.fc37                     @anaconda    
libsepol.x86_64                             3.4-3.fc37                     @anaconda    
libserf.x86_64                              1.3.9-24.fc37                  @fedora      
libsigsegv.x86_64                           2.14-3.fc37                    @anaconda    
libsmartcols.x86_64                         2.38.1-1.fc37                  @anaconda    
libsmbclient.x86_64                         2:4.17.4-2.fc37                @updates     
libsmbios.x86_64                            2.4.3-7.fc37                   @anaconda    
libsodium.x86_64                            1.0.18-10.fc37                 @anaconda    
libsolv.x86_64                              0.7.22-3.fc37                  @anaconda    
libsoup.x86_64                              2.74.3-1.fc37                  @anaconda    
libss.x86_64                                1.46.5-3.fc37                  @anaconda    
libssh.x86_64                               0.10.4-2.fc37                  @updates     
libssh-config.noarch                        0.10.4-2.fc37                  @updates     
libsss_certmap.x86_64                       2.8.2-1.fc37                   @updates     
libsss_idmap.x86_64                         2.8.2-1.fc37                   @updates     
libsss_nss_idmap.x86_64                     2.8.2-1.fc37                   @updates     
libsss_sudo.x86_64                          2.8.2-1.fc37                   @updates     
libstdc++.x86_64                            12.2.1-4.fc37                  @updates     
libstdc++-devel.x86_64                      12.2.1-4.fc37                  @updates     
libstemmer.x86_64                           0-19.585svn.fc37               @anaconda    
libtalloc.x86_64                            2.3.4-3.fc37                   @anaconda    
libtasn1.x86_64                             4.19.0-1.fc37                  @updates     
libtdb.x86_64                               1.4.7-3.fc37                   @anaconda    
libteam.x86_64                              1.31-6.fc37                    @anaconda    
libtevent.x86_64                            0.13.0-1.fc37                  @anaconda    
libthai.x86_64                              0.1.29-3.fc37                  @fedora      
libtiff.x86_64                              4.4.0-4.fc37                   @fedora      
libtirpc.x86_64                             1.3.3-0.fc37                   @anaconda    
libtool-ltdl.x86_64                         2.4.7-2.fc37                   @anaconda    
libudisks2.x86_64                           2.9.4-5.fc37                   @anaconda    
libunistring.x86_64                         1.0-2.fc37                     @anaconda    
liburing.x86_64                             2.3-1.fc37                     @updates     
libusb1.x86_64                              1.0.25-9.fc37                  @anaconda    
libuser.x86_64                              0.63-13.fc37                   @anaconda    
libutempter.x86_64                          1.2.1-7.fc37                   @anaconda    
libuuid.x86_64                              2.38.1-1.fc37                  @anaconda    
libuutil3.x86_64                            2.1.7-1.fc37                   @zfs         
libuv.x86_64                                1:1.44.2-2.fc37                @anaconda    
libverto.x86_64                             0.3.2-4.fc37                   @anaconda    
libverto-libev.x86_64                       0.3.2-4.fc37                   @anaconda    
libvmaf.x86_64                              2.3.0-4.fc37                   @fedora      
libwbclient.x86_64                          2:4.17.4-2.fc37                @updates     
libwebp.x86_64                              1.2.4-2.fc37                   @fedora      
libxcb.x86_64                               1.13.1-10.fc37                 @fedora      
libxcrypt.x86_64                            4.4.33-4.fc37                  @updates     
libxcrypt-compat.x86_64                     4.4.33-4.fc37                  @updates     
libxcrypt-devel.x86_64                      4.4.33-4.fc37                  @updates     
libxkbcommon.x86_64                         1.4.1-2.fc37                   @anaconda    
libxml2.x86_64                              2.10.3-2.fc37                  @updates     
libxmlb.x86_64                              0.3.10-1.fc37                  @anaconda    
libyaml.x86_64                              0.2.5-8.fc37                   @anaconda    
libzfs5.x86_64                              2.1.7-1.fc37                   @zfs         
libzpool5.x86_64                            2.1.7-1.fc37                   @zfs         
libzstd.x86_64                              1.5.2-3.fc37                   @anaconda    
libzstd-devel.x86_64                        1.5.2-3.fc37                   @fedora      
linux-firmware.noarch                       20221214-145.fc37              @updates     
linux-firmware-whence.noarch                20221214-145.fc37              @updates     
llvm-libs.x86_64                            15.0.6-1.fc37                  @updates     
lm_sensors-libs.x86_64                      3.6.0-12.fc37                  @fedora      
lmdb-libs.x86_64                            0.9.29-4.fc37                  @anaconda    
logrotate.x86_64                            3.20.1-3.fc37                  @anaconda    
lsof.x86_64                                 4.94.0-4.fc37                  @anaconda    
lua-libs.x86_64                             5.4.4-7.fc37                   @updates     
lua-srpm-macros.noarch                      1-7.fc37                       @fedora      
lvm2.x86_64                                 2.03.11-9.fc37                 @anaconda    
lvm2-libs.x86_64                            2.03.11-9.fc37                 @anaconda    
lz4-libs.x86_64                             1.9.4-1.fc37                   @updates     
lzo.x86_64                                  2.10-7.fc37                    @anaconda    
m4.x86_64                                   1.4.19-4.fc37                  @fedora      
mailcap.noarch                              2.1.53-4.fc37                  @anaconda    
make.x86_64                                 1:4.3-11.fc37                  @fedora      
man-db.x86_64                               2.10.2-2.fc37                  @anaconda    
man-pages.noarch                            5.13-4.fc37                    @anaconda    
mcelog.x86_64                               3:175-5.fc37                   @anaconda    
mdadm.x86_64                                4.2-2.fc37                     @anaconda    
microcode_ctl.x86_64                        2:2.1-53.fc37                  @anaconda    
mkfontscale.x86_64                          1.2.2-2.fc37                   @fedora      
mokutil.x86_64                              2:0.6.0-5.fc37                 @anaconda    
mozjs102.x86_64                             102.6.0-1.fc37                 @updates     
mpdecimal.x86_64                            2.5.1-4.fc37                   @anaconda    
mpfr.x86_64                                 4.1.0-10.fc37                  @anaconda    
mtools.x86_64                               4.0.42-1.fc37                  @updates     
mtr.x86_64                                  2:0.95-3.fc37                  @anaconda    
ncurses.x86_64                              6.3-4.20220501.fc37            @updates     
ncurses-base.noarch                         6.3-4.20220501.fc37            @updates     
ncurses-libs.x86_64                         6.3-4.20220501.fc37            @updates     
net-tools.x86_64                            2.0-0.64.20160912git.fc37      @updates     
netpbm.x86_64                               11.00.00-1.fc37                @updates     
nettle.x86_64                               3.8-2.fc37                     @anaconda    
nfs-utils.x86_64                            1:2.6.2-2.rc5.fc37             @updates     
nftables.x86_64                             1:1.0.4-3.fc37                 @anaconda    
nim-srpm-macros.noarch                      3-7.fc37                       @fedora      
nmap-ncat.x86_64                            3:7.93-1.fc37                  @anaconda    
npth.x86_64                                 1.6-9.fc37                     @anaconda    
nspr.x86_64                                 4.35.0-2.fc37                  @updates     
nss.x86_64                                  3.85.0-1.fc37                  @updates     
nss-softokn.x86_64                          3.85.0-1.fc37                  @updates     
nss-softokn-freebl.x86_64                   3.85.0-1.fc37                  @updates     
nss-sysinit.x86_64                          3.85.0-1.fc37                  @updates     
nss-util.x86_64                             3.85.0-1.fc37                  @updates     
ntfs-3g.x86_64                              2:2022.10.3-1.fc37             @updates     
ntfs-3g-libs.x86_64                         2:2022.10.3-1.fc37             @updates     
ntfsprogs.x86_64                            2:2022.10.3-1.fc37             @updates     
numactl-libs.x86_64                         2.0.14-6.fc37                  @anaconda    
nvidia-gpu-firmware.noarch                  20221214-145.fc37              @updates     
ocaml-srpm-macros.noarch                    7-2.fc37                       @fedora      
openblas-srpm-macros.noarch                 2-12.fc37                      @fedora      
openjpeg2.x86_64                            2.5.0-2.fc37                   @fedora      
openldap.x86_64                             2.6.3-1.fc37                   @anaconda    
opensc.x86_64                               0.23.0-2.fc37                  @updates     
openssh.x86_64                              8.8p1-7.fc37                   @anaconda    
openssh-clients.x86_64                      8.8p1-7.fc37                   @anaconda    
openssh-server.x86_64                       8.8p1-7.fc37                   @anaconda    
openssl.x86_64                              1:3.0.5-3.fc37                 @anaconda    
openssl-devel.x86_64                        1:3.0.5-3.fc37                 @fedora      
openssl-libs.x86_64                         1:3.0.5-3.fc37                 @anaconda    
os-prober.x86_64                            1.81-1.fc37                    @anaconda    
p11-kit.x86_64                              0.24.1-3.fc37                  @anaconda    
p11-kit-trust.x86_64                        0.24.1-3.fc37                  @anaconda    
package-notes-srpm-macros.noarch            0.5-6.fc37                     @fedora      
pam.x86_64                                  1.5.2-14.fc37                  @anaconda    
pam-libs.x86_64                             1.5.2-14.fc37                  @anaconda    
pam_passwdqc.x86_64                         2.0.2-4.fc37                   @anaconda    
pango.x86_64                                1.50.12-1.fc37                 @updates     
parted.x86_64                               3.5-6.fc37                     @anaconda    
passwd.x86_64                               0.80-13.fc37                   @anaconda    
passwdqc.x86_64                             2.0.2-4.fc37                   @anaconda    
passwdqc-utils.x86_64                       2.0.2-4.fc37                   @anaconda    
patch.x86_64                                2.7.6-17.fc37                  @fedora      
patchutils.x86_64                           0.4.2-8.fc37                   @fedora      
pciutils.x86_64                             3.9.0-2.fc37                   @updates     
pciutils-libs.x86_64                        3.9.0-2.fc37                   @updates     
pcp-conf.x86_64                             6.0.1-2.fc37                   @updates     
pcp-libs.x86_64                             6.0.1-2.fc37                   @updates     
pcre.x86_64                                 8.45-1.fc37.2                  @anaconda    
pcre2.x86_64                                10.40-1.fc37.1                 @anaconda    
pcre2-syntax.noarch                         10.40-1.fc37.1                 @anaconda    
pcsc-lite.x86_64                            1.9.9-1.fc37                   @anaconda    
pcsc-lite-ccid.x86_64                       1.5.0-2.fc37                   @anaconda    
pcsc-lite-libs.x86_64                       1.9.9-1.fc37                   @anaconda    
perl.x86_64                                 4:5.36.0-492.fc37              @fedora      
perl-Algorithm-Diff.noarch                  1.2010-7.fc37                  @fedora      
perl-Archive-Tar.noarch                     2.40-490.fc37                  @fedora      
perl-Archive-Zip.noarch                     1.68-9.fc37                    @fedora      
perl-Attribute-Handlers.noarch              1.02-492.fc37                  @fedora      
perl-AutoLoader.noarch                      5.74-492.fc37                  @fedora      
perl-AutoSplit.noarch                       5.74-492.fc37                  @fedora      
perl-B.x86_64                               1.83-492.fc37                  @fedora      
perl-Benchmark.noarch                       1.23-492.fc37                  @fedora      
perl-CPAN.noarch                            2.34-4.fc37                    @fedora      
perl-CPAN-DistnameInfo.noarch               0.12-26.fc37                   @fedora      
perl-CPAN-Meta.noarch                       2.150010-489.fc37              @fedora      
perl-CPAN-Meta-Requirements.noarch          2.140-490.fc37                 @fedora      
perl-CPAN-Meta-YAML.noarch                  0.018-490.fc37                 @fedora      
perl-Carp.noarch                            1.52-489.fc37                  @anaconda    
perl-Class-Struct.noarch                    0.66-492.fc37                  @anaconda    
perl-Compress-Bzip2.x86_64                  2.28-10.fc37                   @fedora      
perl-Compress-Raw-Bzip2.x86_64              2.201-2.fc37                   @fedora      
perl-Compress-Raw-Lzma.x86_64               2.201-2.fc37                   @fedora      
perl-Compress-Raw-Zlib.x86_64               2.202-3.fc37                   @fedora      
perl-Config-Extensions.noarch               0.03-492.fc37                  @fedora      
perl-Config-Perl-V.noarch                   0.34-1.fc37                    @fedora      
perl-DBM_Filter.noarch                      0.06-492.fc37                  @fedora      
perl-DB_File.x86_64                         1.858-4.fc37                   @fedora      
perl-Data-Dumper.x86_64                     2.184-490.fc37                 @fedora      
perl-Data-OptList.noarch                    0.112-5.fc37                   @fedora      
perl-Data-Section.noarch                    0.200007-17.fc37               @fedora      
perl-Devel-PPPort.x86_64                    3.68-490.fc37                  @fedora      
perl-Devel-Peek.x86_64                      1.32-492.fc37                  @fedora      
perl-Devel-SelfStubber.noarch               1.06-492.fc37                  @fedora      
perl-Devel-Size.x86_64                      0.83-13.fc37                   @fedora      
perl-Digest.noarch                          1.20-489.fc37                  @fedora      
perl-Digest-MD5.x86_64                      2.58-489.fc37                  @fedora      
perl-Digest-SHA.x86_64                      1:6.03-1.fc37                  @fedora      
perl-Digest-SHA1.x86_64                     2.13-37.fc37                   @fedora      
perl-DirHandle.noarch                       1.05-492.fc37                  @fedora      
perl-Dumpvalue.noarch                       2.27-492.fc37                  @fedora      
perl-DynaLoader.x86_64                      1.52-492.fc37                  @anaconda    
perl-Encode.x86_64                          4:3.19-492.fc37                @anaconda    
perl-Encode-Locale.noarch                   1.05-24.fc37                   @fedora      
perl-Encode-devel.x86_64                    4:3.19-492.fc37                @fedora      
perl-English.noarch                         1.11-492.fc37                  @fedora      
perl-Env.noarch                             1.05-489.fc37                  @fedora      
perl-Errno.x86_64                           1.36-492.fc37                  @anaconda    
perl-Error.noarch                           1:0.17029-10.fc37              @fedora      
perl-Exporter.noarch                        5.77-489.fc37                  @anaconda    
perl-ExtUtils-CBuilder.noarch               1:0.280236-489.fc37            @fedora      
perl-ExtUtils-Command.noarch                2:7.66-1.fc37                  @updates     
perl-ExtUtils-Constant.noarch               0.25-492.fc37                  @fedora      
perl-ExtUtils-Embed.noarch                  1.35-492.fc37                  @fedora      
perl-ExtUtils-Install.noarch                2.20-489.fc37                  @fedora      
perl-ExtUtils-MM-Utils.noarch               2:7.66-1.fc37                  @updates     
perl-ExtUtils-MakeMaker.noarch              2:7.66-1.fc37                  @updates     
perl-ExtUtils-Manifest.noarch               1:1.73-489.fc37                @fedora      
perl-ExtUtils-Miniperl.noarch               1.11-492.fc37                  @fedora      
perl-ExtUtils-ParseXS.noarch                1:3.45-489.fc37                @fedora      
perl-Fcntl.x86_64                           1.15-492.fc37                  @anaconda    
perl-File-Basename.noarch                   2.85-492.fc37                  @anaconda    
perl-File-Compare.noarch                    1.100.700-492.fc37             @fedora      
perl-File-Copy.noarch                       2.39-492.fc37                  @fedora      
perl-File-DosGlob.x86_64                    1.12-492.fc37                  @fedora      
perl-File-Fetch.noarch                      1.04-489.fc37                  @fedora      
perl-File-Find.noarch                       1.40-492.fc37                  @fedora      
perl-File-HomeDir.noarch                    1.006-7.fc37                   @fedora      
perl-File-Path.noarch                       2.18-489.fc37                  @anaconda    
perl-File-Temp.noarch                       1:0.231.100-489.fc37           @anaconda    
perl-File-Which.noarch                      1.27-6.fc37                    @fedora      
perl-File-stat.noarch                       1.12-492.fc37                  @anaconda    
perl-FileCache.noarch                       1.10-492.fc37                  @fedora      
perl-FileHandle.noarch                      2.03-492.fc37                  @fedora      
perl-Filter.x86_64                          2:1.64-1.fc37                  @fedora      
perl-Filter-Simple.noarch                   0.96-489.fc37                  @fedora      
perl-FindBin.noarch                         1.53-492.fc37                  @fedora      
perl-GDBM_File.x86_64                       1:1.23-492.fc37                @fedora      
perl-Getopt-Long.noarch                     1:2.54-1.fc37                  @updates     
perl-Getopt-Std.noarch                      1.13-492.fc37                  @anaconda    
perl-Git.noarch                             2.39.0-1.fc37                  @updates     
perl-HTTP-Tiny.noarch                       0.082-1.fc37                   @anaconda    
perl-Hash-Util.x86_64                       0.28-492.fc37                  @fedora      
perl-Hash-Util-FieldHash.x86_64             1.26-492.fc37                  @fedora      
perl-I18N-Collate.noarch                    1.02-492.fc37                  @fedora      
perl-I18N-LangTags.noarch                   0.45-492.fc37                  @fedora      
perl-I18N-Langinfo.x86_64                   0.21-492.fc37                  @fedora      
perl-IO.x86_64                              1.50-492.fc37                  @anaconda    
perl-IO-Compress.noarch                     2.201-3.fc37                   @fedora      
perl-IO-Compress-Lzma.noarch                2.201-2.fc37                   @fedora      
perl-IO-Socket-IP.noarch                    0.41-490.fc37                  @fedora      
perl-IO-Zlib.noarch                         1:1.11-489.fc37                @fedora      
perl-IPC-Cmd.noarch                         2:1.04-490.fc37                @fedora      
perl-IPC-Open3.noarch                       1.22-492.fc37                  @anaconda    
perl-IPC-SysV.x86_64                        2.09-490.fc37                  @fedora      
perl-IPC-System-Simple.noarch               1.30-9.fc37                    @fedora      
perl-Importer.noarch                        0.026-7.fc37                   @fedora      
perl-JSON-PP.noarch                         1:4.11-1.fc37                  @fedora      
perl-Locale-Maketext.noarch                 1.32-1.fc37                    @fedora      
perl-Locale-Maketext-Simple.noarch          1:0.21-492.fc37                @fedora      
perl-MIME-Base64.x86_64                     3.16-489.fc37                  @anaconda    
perl-MIME-Charset.noarch                    1.013.1-1.fc37                 @fedora      
perl-MRO-Compat.noarch                      0.15-4.fc37                    @fedora      
perl-Math-BigInt.noarch                     1:1.9998.37-2.fc37             @fedora      
perl-Math-BigInt-FastCalc.x86_64            0.501.300-3.fc37               @fedora      
perl-Math-BigRat.noarch                     0.2624-2.fc37                  @fedora      
perl-Math-Complex.noarch                    1.59-492.fc37                  @fedora      
perl-Memoize.noarch                         1.03-492.fc37                  @fedora      
perl-Module-Build.noarch                    2:0.42.31-15.fc37              @fedora      
perl-Module-CoreList.noarch                 1:5.20221220-1.fc37            @updates     
perl-Module-CoreList-tools.noarch           1:5.20221220-1.fc37            @updates     
perl-Module-Load.noarch                     1:0.36-489.fc37                @fedora      
perl-Module-Load-Conditional.noarch         0.74-489.fc37                  @fedora      
perl-Module-Loaded.noarch                   1:0.08-492.fc37                @fedora      
perl-Module-Metadata.noarch                 1.000037-489.fc37              @fedora      
perl-Module-Signature.noarch                0.88-4.fc37                    @fedora      
perl-NDBM_File.x86_64                       1.15-492.fc37                  @fedora      
perl-NEXT.noarch                            0.69-492.fc37                  @fedora      
perl-Net.noarch                             1.03-492.fc37                  @fedora      
perl-Net-Ping.noarch                        2.75-1.fc37                    @fedora      
perl-ODBM_File.x86_64                       1.17-492.fc37                  @fedora      
perl-Object-HashBase.noarch                 0.009-10.fc37                  @fedora      
perl-Opcode.x86_64                          1.57-492.fc37                  @fedora      
perl-POSIX.x86_64                           2.03-492.fc37                  @anaconda    
perl-Package-Generator.noarch               1.106-26.fc37                  @fedora      
perl-Params-Check.noarch                    1:0.38-489.fc37                @fedora      
perl-Params-Util.x86_64                     1.102-8.fc37                   @fedora      
perl-PathTools.x86_64                       3.84-489.fc37                  @anaconda    
perl-Perl-OSType.noarch                     1.010-490.fc37                 @fedora      
perl-PerlIO-via-QuotedPrint.noarch          0.10-3.fc37                    @fedora      
perl-Pod-Checker.noarch                     4:1.75-3.fc37                  @fedora      
perl-Pod-Escapes.noarch                     1:1.07-489.fc37                @anaconda    
perl-Pod-Functions.noarch                   1.14-492.fc37                  @fedora      
perl-Pod-Html.noarch                        1.33-492.fc37                  @fedora      
perl-Pod-Perldoc.noarch                     3.28.01-490.fc37               @anaconda    
perl-Pod-Simple.noarch                      1:3.43-490.fc37                @anaconda    
perl-Pod-Usage.noarch                       4:2.03-3.fc37                  @anaconda    
perl-Safe.noarch                            2.43-492.fc37                  @fedora      
perl-Scalar-List-Utils.x86_64               5:1.63-489.fc37                @anaconda    
perl-Search-Dict.noarch                     1.07-492.fc37                  @fedora      
perl-SelectSaver.noarch                     1.02-492.fc37                  @anaconda    
perl-SelfLoader.noarch                      1.26-492.fc37                  @fedora      
perl-Socket.x86_64                          4:2.036-1.fc37                 @anaconda    
perl-Software-License.noarch                0.104002-2.fc37                @fedora      
perl-Storable.x86_64                        1:3.26-489.fc37                @anaconda    
perl-Sub-Exporter.noarch                    0.988-5.fc37                   @fedora      
perl-Sub-Install.noarch                     0.928-33.fc37                  @fedora      
perl-Symbol.noarch                          1.09-492.fc37                  @anaconda    
perl-Sys-Hostname.x86_64                    1.24-492.fc37                  @fedora      
perl-Sys-Syslog.x86_64                      0.36-490.fc37                  @fedora      
perl-Term-ANSIColor.noarch                  5.01-490.fc37                  @anaconda    
perl-Term-Cap.noarch                        1.17-489.fc37                  @anaconda    
perl-Term-Complete.noarch                   1.403-492.fc37                 @fedora      
perl-Term-ReadLine.noarch                   1.17-492.fc37                  @fedora      
perl-Term-Size-Any.noarch                   0.002-38.fc37                  @fedora      
perl-Term-Size-Perl.x86_64                  0.031-15.fc37                  @fedora      
perl-Term-Table.noarch                      0.016-4.fc37                   @fedora      
perl-TermReadKey.x86_64                     2.38-14.fc37                   @fedora      
perl-Test.noarch                            1.31-492.fc37                  @fedora      
perl-Test-Harness.noarch                    1:3.44-490.fc37                @fedora      
perl-Test-Simple.noarch                     3:1.302191-2.fc37              @fedora      
perl-Text-Abbrev.noarch                     1.02-492.fc37                  @fedora      
perl-Text-Balanced.noarch                   2.06-2.fc37                    @fedora      
perl-Text-Diff.noarch                       1.45-16.fc37                   @fedora      
perl-Text-Glob.noarch                       0.11-18.fc37                   @fedora      
perl-Text-ParseWords.noarch                 3.31-489.fc37                  @anaconda    
perl-Text-Tabs+Wrap.noarch                  2021.0814-489.fc37             @anaconda    
perl-Text-Template.noarch                   1.60-4.fc37                    @fedora      
perl-Thread.noarch                          3.05-492.fc37                  @fedora      
perl-Thread-Queue.noarch                    3.14-489.fc37                  @fedora      
perl-Thread-Semaphore.noarch                2.13-492.fc37                  @fedora      
perl-Tie.noarch                             4.6-492.fc37                   @fedora      
perl-Tie-File.noarch                        1.06-492.fc37                  @fedora      
perl-Tie-Memoize.noarch                     1.1-492.fc37                   @fedora      
perl-Tie-RefHash.noarch                     1.40-489.fc37                  @fedora      
perl-Time.noarch                            1.03-492.fc37                  @fedora      
perl-Time-HiRes.x86_64                      4:1.9770-489.fc37              @fedora      
perl-Time-Local.noarch                      2:1.300-489.fc37               @anaconda    
perl-Time-Piece.x86_64                      1.3401-492.fc37                @fedora      
perl-URI.noarch                             5.17-1.fc37                    @updates     
perl-Unicode-Collate.x86_64                 1.31-489.fc37                  @fedora      
perl-Unicode-LineBreak.x86_64               2019.001-14.fc37               @fedora      
perl-Unicode-Normalize.x86_64               1.31-489.fc37                  @fedora      
perl-Unicode-UCD.noarch                     0.78-492.fc37                  @fedora      
perl-User-pwent.noarch                      1.03-492.fc37                  @fedora      
perl-autodie.noarch                         2.34-490.fc37                  @fedora      
perl-autouse.noarch                         1.11-492.fc37                  @fedora      
perl-base.noarch                            2.27-492.fc37                  @fedora      
perl-bignum.noarch                          0.66-5.fc37                    @fedora      
perl-blib.noarch                            1.07-492.fc37                  @fedora      
perl-constant.noarch                        1.33-490.fc37                  @anaconda    
perl-debugger.noarch                        1.60-492.fc37                  @fedora      
perl-deprecate.noarch                       0.04-492.fc37                  @fedora      
perl-devel.x86_64                           4:5.36.0-492.fc37              @fedora      
perl-diagnostics.noarch                     1.39-492.fc37                  @fedora      
perl-doc.noarch                             5.36.0-492.fc37                @fedora      
perl-encoding.x86_64                        4:3.00-492.fc37                @fedora      
perl-encoding-warnings.noarch               0.13-492.fc37                  @fedora      
perl-experimental.noarch                    0.028-489.fc37                 @fedora      
perl-fields.noarch                          2.27-492.fc37                  @fedora      
perl-filetest.noarch                        1.03-492.fc37                  @fedora      
perl-if.noarch                              0.61.000-492.fc37              @anaconda    
perl-inc-latest.noarch                      2:0.500-23.fc37                @fedora      
perl-interpreter.x86_64                     4:5.36.0-492.fc37              @anaconda    
perl-less.noarch                            0.03-492.fc37                  @fedora      
perl-lib.x86_64                             0.65-492.fc37                  @fedora      
perl-libnet.noarch                          3.14-490.fc37                  @fedora      
perl-libnetcfg.noarch                       4:5.36.0-492.fc37              @fedora      
perl-libs.x86_64                            4:5.36.0-492.fc37              @anaconda    
perl-local-lib.noarch                       2.000029-3.fc37                @fedora      
perl-locale.noarch                          1.10-492.fc37                  @fedora      
perl-macros.noarch                          4:5.36.0-492.fc37              @fedora      
perl-meta-notation.noarch                   5.36.0-492.fc37                @fedora      
perl-mro.x86_64                             1.26-492.fc37                  @anaconda    
perl-open.noarch                            1.13-492.fc37                  @fedora      
perl-overload.noarch                        1.35-492.fc37                  @anaconda    
perl-overloading.noarch                     0.02-492.fc37                  @anaconda    
perl-parent.noarch                          1:0.238-489.fc37               @anaconda    
perl-perlfaq.noarch                         5.20210520-489.fc37            @fedora      
perl-ph.x86_64                              5.36.0-492.fc37                @fedora      
perl-podlators.noarch                       1:4.14-489.fc37                @anaconda    
perl-sigtrap.noarch                         1.10-492.fc37                  @fedora      
perl-sort.noarch                            2.05-492.fc37                  @fedora      
perl-srpm-macros.noarch                     1-46.fc37                      @fedora      
perl-subs.noarch                            1.04-492.fc37                  @anaconda    
perl-threads.x86_64                         1:2.27-489.fc37                @fedora      
perl-threads-shared.x86_64                  1.64-489.fc37                  @fedora      
perl-utils.noarch                           5.36.0-492.fc37                @fedora      
perl-vars.noarch                            1.05-492.fc37                  @anaconda    
perl-version.x86_64                         8:0.99.29-490.fc37             @fedora      
perl-vmsish.noarch                          1.04-492.fc37                  @fedora      
pinfo.x86_64                                0.6.10-30.fc37                 @anaconda    
pixman.x86_64                               0.40.0-6.fc37                  @anaconda    
pkgconf.x86_64                              1.8.0-3.fc37                   @anaconda    
pkgconf-m4.noarch                           1.8.0-3.fc37                   @anaconda    
pkgconf-pkg-config.x86_64                   1.8.0-3.fc37                   @anaconda    
plocate.x86_64                              1.1.17-1.fc37                  @updates     
plymouth.x86_64                             22.02.122-3.fc37               @anaconda    
plymouth-core-libs.x86_64                   22.02.122-3.fc37               @anaconda    
plymouth-scripts.x86_64                     22.02.122-3.fc37               @anaconda    
policycoreutils.x86_64                      3.4-6.fc37                     @anaconda    
policycoreutils-python-utils.noarch         3.4-6.fc37                     @anaconda    
polkit.x86_64                               121-4.fc37                     @anaconda    
polkit-libs.x86_64                          121-4.fc37                     @anaconda    
polkit-pkla-compat.x86_64                   0.1-22.fc37                    @anaconda    
poppler.x86_64                              22.08.0-2.fc37                 @fedora      
poppler-data.noarch                         0.4.11-3.fc37                  @fedora      
poppler-glib.x86_64                         22.08.0-2.fc37                 @fedora      
popt.x86_64                                 1.19-1.fc37                    @anaconda    
procps-ng.x86_64                            3.3.17-6.fc37.2                @updates     
protobuf-c.x86_64                           1.4.1-2.fc37                   @anaconda    
psacct.x86_64                               6.6.4-14.fc37                  @anaconda    
psmisc.x86_64                               23.4-4.fc37                    @anaconda    
publicsuffix-list-dafsa.noarch              20210518-5.fc37                @anaconda    
python-pip-wheel.noarch                     22.2.2-3.fc37                  @updates     
python-setuptools-wheel.noarch              62.6.0-2.fc37                  @anaconda    
python-srpm-macros.noarch                   3.11-5.fc37                    @updates     
python3.x86_64                              3.11.1-1.fc37                  @updates     
python3-abrt.x86_64                         2.15.1-6.fc37                  @anaconda    
python3-abrt-addon.noarch                   2.15.1-6.fc37                  @anaconda    
python3-argcomplete.noarch                  2.0.0-4.fc37                   @anaconda    
python3-audit.x86_64                        3.0.9-1.fc37                   @anaconda    
python3-augeas.noarch                       1.1.0-6.fc37                   @anaconda    
python3-cffi.x86_64                         1.15.1-2.fc37                  @anaconda    
python3-charset-normalizer.noarch           2.1.0-2.fc37                   @anaconda    
python3-dasbus.noarch                       1.6-6.fc37                     @anaconda    
python3-dateutil.noarch                     1:2.8.2-4.fc37                 @anaconda    
python3-dbus.x86_64                         1.3.2-1.fc37                   @updates     
python3-devel.x86_64                        3.11.1-1.fc37                  @updates     
python3-distro.noarch                       1.7.0-3.fc37                   @anaconda    
python3-dnf.noarch                          4.14.0-1.fc37                  @anaconda    
python3-dnf-plugins-core.noarch             4.3.1-1.fc37                   @anaconda    
python3-file-magic.noarch                   5.42-4.fc37                    @fedora      
python3-firewall.noarch                     1.2.3-1.fc37                   @updates     
python3-gobject-base.x86_64                 3.42.2-2.fc37                  @anaconda    
python3-gobject-base-noarch.noarch          3.42.2-2.fc37                  @anaconda    
python3-gpg.x86_64                          1.17.0-4.fc37                  @anaconda    
python3-hawkey.x86_64                       0.68.0-1.fc37                  @anaconda    
python3-idna.noarch                         3.3-4.fc37                     @anaconda    
python3-libcomps.x86_64                     0.1.18-4.fc37                  @anaconda    
python3-libdnf.x86_64                       0.68.0-1.fc37                  @anaconda    
python3-libreport.x86_64                    2.17.4-1.fc37                  @anaconda    
python3-libs.x86_64                         3.11.1-1.fc37                  @updates     
python3-libselinux.x86_64                   3.4-5.fc37                     @anaconda    
python3-libsemanage.x86_64                  3.4-5.fc37                     @anaconda    
python3-libxml2.x86_64                      2.10.3-2.fc37                  @updates     
python3-nftables.x86_64                     1:1.0.4-3.fc37                 @anaconda    
python3-pexpect.noarch                      4.8.0-13.fc37                  @anaconda    
python3-pip.noarch                          22.2.2-3.fc37                  @updates     
python3-ply.noarch                          3.11-17.fc37                   @anaconda    
python3-policycoreutils.noarch              3.4-6.fc37                     @anaconda    
python3-ptyprocess.noarch                   0.6.0-17.fc37                  @anaconda    
python3-pycparser.noarch                    2.20-8.fc37                    @anaconda    
python3-pyparsing.noarch                    3.0.9-2.fc37                   @fedora      
python3-pysocks.noarch                      1.7.1-15.fc37                  @anaconda    
python3-requests.noarch                     2.28.1-2.fc37                  @anaconda    
python3-rpm.x86_64                          4.18.0-1.fc37                  @anaconda    
python3-setools.x86_64                      4.4.0-9.fc37                   @anaconda    
python3-setuptools.noarch                   62.6.0-2.fc37                  @anaconda    
python3-six.noarch                          1.16.0-8.fc37                  @anaconda    
python3-systemd.x86_64                      235-1.fc37                     @anaconda    
python3-urllib3.noarch                      1.26.12-1.fc37                 @anaconda    
qt5-srpm-macros.noarch                      5.15.7-1.fc37                  @updates     
quota.x86_64                                1:4.06-8.fc37                  @anaconda    
quota-nls.noarch                            1:4.06-8.fc37                  @anaconda    
rav1e-libs.x86_64                           0.5.1-5.fc37                   @fedora      
readline.x86_64                             8.2-2.fc37                     @updates     
realmd.x86_64                               0.17.0-11.fc37                 @anaconda    
redhat-rpm-config.noarch                    228-1.fc37                     @fedora      
reportd.x86_64                              0.7.4-9.fc37                   @fedora      
rootfiles.noarch                            8.1-32.fc37                    @anaconda    
rpcbind.x86_64                              1.2.6-3.fc37                   @anaconda    
rpm.x86_64                                  4.18.0-1.fc37                  @anaconda    
rpm-build-libs.x86_64                       4.18.0-1.fc37                  @anaconda    
rpm-libs.x86_64                             4.18.0-1.fc37                  @anaconda    
rpm-plugin-selinux.x86_64                   4.18.0-1.fc37                  @anaconda    
rpm-sign-libs.x86_64                        4.18.0-1.fc37                  @anaconda    
rpmautospec-rpm-macros.noarch               0.3.0-1.fc37                   @fedora      
rsync.x86_64                                3.2.7-1.fc37                   @updates     
rsyslog.x86_64                              8.2204.0-3.fc37                @anaconda    
rust-srpm-macros.noarch                     23-1.fc37                      @updates     
samba-client-libs.x86_64                    2:4.17.4-2.fc37                @updates     
samba-common.noarch                         2:4.17.4-2.fc37                @updates     
samba-common-libs.x86_64                    2:4.17.4-2.fc37                @updates     
satyr.x86_64                                0.40-1.fc37                    @updates     
sed.x86_64                                  4.8-11.fc37                    @anaconda    
selinux-policy.noarch                       37.17-1.fc37                   @updates     
selinux-policy-targeted.noarch              37.17-1.fc37                   @updates     
setroubleshoot-plugins.noarch               3.3.14-5.fc37                  @anaconda    
setroubleshoot-server.x86_64                3.3.31-1.fc37                  @updates     
setup.noarch                                2.14.1-2.fc37                  @anaconda    
shadow-utils.x86_64                         2:4.12.3-4.fc37                @updates     
shared-mime-info.x86_64                     2.2-2.fc37                     @anaconda    
shim-x64.x86_64                             15.6-2                         @anaconda    
smartmontools.x86_64                        1:7.3-3.fc37                   @anaconda    
smartmontools-selinux.noarch                1:7.3-3.fc37                   @anaconda    
snappy.x86_64                               1.1.9-5.fc37                   @anaconda    
sombok.x86_64                               2.4.0-17.fc37                  @fedora      
sos.noarch                                  4.4-2.fc37                     @anaconda    
source-highlight.x86_64                     3.1.9-15.fc37                  @updates     
sqlite-libs.x86_64                          3.40.0-1.fc37                  @updates     
squashfs-tools.x86_64                       4.5.1-2.fc37                   @anaconda    
sssd.x86_64                                 2.8.2-1.fc37                   @updates     
sssd-ad.x86_64                              2.8.2-1.fc37                   @updates     
sssd-client.x86_64                          2.8.2-1.fc37                   @updates     
sssd-common.x86_64                          2.8.2-1.fc37                   @updates     
sssd-common-pac.x86_64                      2.8.2-1.fc37                   @updates     
sssd-ipa.x86_64                             2.8.2-1.fc37                   @updates     
sssd-kcm.x86_64                             2.8.2-1.fc37                   @updates     
sssd-krb5.x86_64                            2.8.2-1.fc37                   @updates     
sssd-krb5-common.x86_64                     2.8.2-1.fc37                   @updates     
sssd-ldap.x86_64                            2.8.2-1.fc37                   @updates     
sssd-nfs-idmap.x86_64                       2.8.2-1.fc37                   @updates     
sssd-proxy.x86_64                           2.8.2-1.fc37                   @updates     
subversion.x86_64                           1.14.2-8.fc37                  @updates     
subversion-libs.x86_64                      1.14.2-8.fc37                  @updates     
sudo.x86_64                                 1.9.11-4.p3.fc37               @anaconda    
svt-av1-libs.x86_64                         1.1.0-2.fc37                   @fedora      
symlinks.x86_64                             1.7-7.fc37                     @anaconda    
syslinux.x86_64                             6.04-0.23.fc37                 @fedora      
syslinux-devel.x86_64                       6.04-0.23.fc37                 @fedora      
syslinux-nonlinux.noarch                    6.04-0.23.fc37                 @fedora      
sysstat.x86_64                              12.6.0-4.fc37                  @updates     
systemd.x86_64                              251.10-588.fc37                @updates     
systemd-libs.x86_64                         251.10-588.fc37                @updates     
systemd-oomd-defaults.noarch                251.10-588.fc37                @updates     
systemd-pam.x86_64                          251.10-588.fc37                @updates     
systemd-resolved.x86_64                     251.10-588.fc37                @updates     
systemd-udev.x86_64                         251.10-588.fc37                @updates     
systemtap.x86_64                            4.8-1.fc37                     @updates     
systemtap-client.x86_64                     4.8-1.fc37                     @updates     
systemtap-devel.x86_64                      4.8-1.fc37                     @updates     
systemtap-runtime.x86_64                    4.8-1.fc37                     @updates     
systemtap-sdt-devel.x86_64                  4.8-1.fc37                     @updates     
tar.x86_64                                  2:1.34-5.fc37                  @updates     
tbb.x86_64                                  2020.3-12.fc37                 @fedora      
tcl.x86_64                                  1:8.6.12-3.fc37                @anaconda    
tcpdump.x86_64                              14:4.99.2-1.fc37               @updates     
teamd.x86_64                                1.31-6.fc37                    @anaconda    
time.x86_64                                 1.9-19.fc37                    @anaconda    
tmux.x86_64                                 3.3a-1.fc37                    @fedora      
tpm2-tools.x86_64                           5.4-1.fc37                     @updates     
tpm2-tss.x86_64                             3.2.1-1.fc37                   @updates     
traceroute.x86_64                           3:2.1.1-1.fc37                 @updates     
tree.x86_64                                 2.1.0-1.fc37                   @updates     
tzdata.noarch                               2022g-1.fc37                   @updates     
udisks2.x86_64                              2.9.4-5.fc37                   @anaconda    
udisks2-iscsi.x86_64                        2.9.4-5.fc37                   @anaconda    
udisks2-lvm2.x86_64                         2.9.4-5.fc37                   @anaconda    
unzip.x86_64                                6.0-58.fc37                    @anaconda    
urw-base35-bookman-fonts.noarch             20200910-15.fc37               @fedora      
urw-base35-c059-fonts.noarch                20200910-15.fc37               @fedora      
urw-base35-d050000l-fonts.noarch            20200910-15.fc37               @fedora      
urw-base35-fonts.noarch                     20200910-15.fc37               @fedora      
urw-base35-fonts-common.noarch              20200910-15.fc37               @fedora      
urw-base35-gothic-fonts.noarch              20200910-15.fc37               @fedora      
urw-base35-nimbus-mono-ps-fonts.noarch      20200910-15.fc37               @fedora      
urw-base35-nimbus-roman-fonts.noarch        20200910-15.fc37               @fedora      
urw-base35-nimbus-sans-fonts.noarch         20200910-15.fc37               @fedora      
urw-base35-p052-fonts.noarch                20200910-15.fc37               @fedora      
urw-base35-standard-symbols-ps-fonts.noarch 20200910-15.fc37               @fedora      
urw-base35-z003-fonts.noarch                20200910-15.fc37               @fedora      
usb_modeswitch.x86_64                       2.6.1-5.fc37                   @anaconda    
usb_modeswitch-data.noarch                  20191128-7.fc37                @anaconda    
usbutils.x86_64                             014-3.fc37                     @anaconda    
userspace-rcu.x86_64                        0.13.0-5.fc37                  @anaconda    
utf8proc.x86_64                             2.7.0-3.fc37                   @fedora      
util-linux.x86_64                           2.38.1-1.fc37                  @anaconda    
util-linux-core.x86_64                      2.38.1-1.fc37                  @anaconda    
util-linux-user.x86_64                      2.38.1-1.fc37                  @anaconda    
vim-common.x86_64                           2:9.0.1160-1.fc37              @updates     
vim-data.noarch                             2:9.0.1160-1.fc37              @updates     
vim-default-editor.noarch                   2:9.0.1160-1.fc37              @updates     
vim-enhanced.x86_64                         2:9.0.1160-1.fc37              @updates     
vim-filesystem.noarch                       2:9.0.1160-1.fc37              @updates     
vim-minimal.x86_64                          2:9.0.1160-1.fc37              @updates     
volume_key-libs.x86_64                      0.3.12-17.fc37                 @anaconda    
wget.x86_64                                 1.21.3-4.fc37                  @anaconda    
which.x86_64                                2.21-35.fc37                   @anaconda    
whois.x86_64                                5.5.15-1.fc37                  @updates     
whois-nls.noarch                            5.5.15-1.fc37                  @updates     
wireless-regdb.noarch                       2022.06.06-2.fc37              @anaconda    
words.noarch                                3.0-40.fc37                    @anaconda    
wpa_supplicant.x86_64                       1:2.10-5.fc37                  @anaconda    
xapian-core-libs.x86_64                     1.4.20-1.fc37                  @fedora      
xdg-utils.noarch                            1.1.3-12.fc37                  @anaconda    
xfsprogs.x86_64                             5.18.0-3.fc37                  @anaconda    
xkeyboard-config.noarch                     2.36-3.fc37                    @updates     
xml-common.noarch                           0.6.3-59.fc37                  @fedora      
xmlrpc-c.x86_64                             1.51.08-1.fc37                 @updates     
xmlrpc-c-client.x86_64                      1.51.08-1.fc37                 @updates     
xorg-x11-fonts-ISO8859-1-100dpi.noarch      7.5-34.fc37                    @fedora      
xorriso.x86_64                              1.5.4-5.fc37                   @fedora      
xxhash-libs.x86_64                          0.8.1-3.fc37                   @anaconda    
xz.x86_64                                   5.2.5-10.fc37                  @anaconda    
xz-devel.x86_64                             5.2.5-10.fc37                  @fedora      
xz-libs.x86_64                              5.2.5-10.fc37                  @anaconda    
yum.noarch                                  4.14.0-1.fc37                  @anaconda    
zchunk-libs.x86_64                          1.2.3-1.fc37                   @anaconda    
zd1211-firmware.noarch                      1.5-11.fc37                    @anaconda    
zfs.x86_64                                  2.1.7-1.fc37                   @zfs         
zfs-dkms.noarch                             2.1.7-1.fc37                   @zfs         
zfs-release.noarch                          2-2.fc37                       @@commandline
zip.x86_64                                  3.0-33.fc37                    @anaconda    
zisofs-tools.x86_64                         1.0.8-28.fc37                  @fedora      
zlib.x86_64                                 1.2.12-5.fc37                  @anaconda    
zlib-devel.x86_64                           1.2.12-5.fc37                  @fedora      
zram-generator.x86_64                       1.1.2-2.fc37                   @anaconda    
zram-generator-defaults.noarch              1.1.2-2.fc37                   @anaconda    
